2026-07-29 01:54:11,330 [INFO] __main__ <module>: ====== start processing ======
2026-07-29 01:54:11,330 [INFO] __main__ <module>: Importing standard modules...
2026-07-29 01:54:11,348 [DEBUG] __main__ <module>: All standard modules imported successfully.
2026-07-29 01:54:11,836 [INFO] __main__ <module>: Third-party modules imported successfully.
2026-07-29 01:54:11,837 [DEBUG] __main__ <module>: Appended project root to system path:C:\projects\SUN_watching
2026-07-29 01:54:20,255 [DEBUG] __main__ <module>: All custom modules imported successfully.
2026-07-29 01:54:20,255 [INFO] __main__ <module>: Validating visualizer schema parameters.
2026-07-29 01:54:20,258 [DEBUG] __main__ <module>: Visualizer parameters validated successfully.
2026-07-29 01:54:20,258 [INFO] __main__ <module>: Attempting to connect to the camera...
2026-07-29 01:54:20,258 [DEBUG] __main__ <module>: Successfully set ZWO_ASI_LIB environment variable:C:\projects\SUN_watching\lib\ASICamera2.dll
2026-07-29 01:54:20,534 [INFO] __main__ <module>: Successfully connected to the camera.
2026-07-29 01:54:20,581 [DEBUG] __main__ <module>: Camera properties configured successfully:
{'band_width': 40, 'exposure': 30000, 'gain': 150, 'image_type': 0}
2026-07-29 01:54:20,581 [INFO] __main__ <module>: Starting video capture...
2026-07-29 01:54:20,581 [DEBUG] __main__ <module>: Capture status retrieved: width=1608, height=1104, binning=1, img_type=0
2026-07-29 01:54:20,582 [DEBUG] __main__ <module>: Initializing visualization variables...
2026-07-29 01:54:20,582 [INFO] __main__ <module>: Initializing Visualizer instance...
2026-07-29 01:54:21,044 [INFO] __main__ <module>: Releasing camera and resources...
2026-07-29 01:54:21,062 [DEBUG] __main__ <module>: Camera stopped and closed successfully.
2026-07-29 01:54:21,066 [INFO] __main__ <module>: Camera successfully disconnected.
2026-07-29 01:59:05,706 [INFO] __main__ <module>: ====== start processing ======
2026-07-29 01:59:05,706 [INFO] __main__ <module>: Importing standard modules...
2026-07-29 01:59:05,723 [DEBUG] __main__ <module>: All standard modules imported successfully.
2026-07-29 01:59:05,919 [INFO] __main__ <module>: Third-party modules imported successfully.
2026-07-29 01:59:05,919 [DEBUG] __main__ <module>: Appended project root to system path:C:\projects\SUN_watching
2026-07-29 01:59:07,402 [DEBUG] __main__ <module>: All custom modules imported successfully.
2026-07-29 01:59:07,403 [INFO] __main__ <module>: Validating visualizer schema parameters.
2026-07-29 01:59:07,405 [DEBUG] __main__ <module>: Visualizer parameters validated successfully.
2026-07-29 01:59:07,405 [INFO] __main__ <module>: Attempting to connect to the camera...
2026-07-29 01:59:07,405 [DEBUG] __main__ <module>: Successfully set ZWO_ASI_LIB environment variable:C:\projects\SUN_watching\lib\ASICamera2.dll
2026-07-29 01:59:07,661 [INFO] __main__ <module>: Successfully connected to the camera.
2026-07-29 01:59:07,708 [DEBUG] __main__ <module>: Camera properties configured successfully:
{'band_width': 40, 'exposure': 30000, 'gain': 150, 'image_type': 0}
2026-07-29 01:59:07,708 [INFO] __main__ <module>: Starting video capture...
2026-07-29 01:59:07,709 [DEBUG] __main__ <module>: Capture status retrieved: width=1608, height=1104, binning=1, img_type=0
2026-07-29 01:59:07,709 [DEBUG] __main__ <module>: Initializing visualization variables...
2026-07-29 01:59:07,709 [INFO] __main__ <module>: Initializing Visualizer instance...
2026-07-29 01:59:07,935 [INFO] __main__ <module>: Starting real-time visualization. Press 'q' or close the window to exit.
2026-07-29 01:59:07,966 [WARNING] __main__ <module>: MIN2 processing error: exceptions must derive from BaseException
2026-07-29 01:59:07,967 [DEBUG] __main__ <module>: Insufficient points for angle calculation (buffer <= 2).
2026-07-29 01:59:08,215 [WARNING] __main__ <module>: MIN2 processing error: exceptions must derive from BaseException
2026-07-29 01:59:08,215 [DEBUG] __main__ <module>: Insufficient points for angle calculation (buffer <= 2).
2026-07-29 01:59:08,416 [WARNING] __main__ <module>: MIN2 processing error: exceptions must derive from BaseException
2026-07-29 01:59:08,639 [WARNING] __main__ <module>: MIN2 processing error: exceptions must derive from BaseException
2026-07-29 01:59:08,859 [WARNING] __main__ <module>: MIN2 processing error: exceptions must derive from BaseException
2026-07-29 01:59:09,102 [WARNING] __main__ <module>: MIN2 processing error: exceptions must derive from BaseException
2026-07-29 01:59:09,327 [WARNING] __main__ <module>: MIN2 processing error: exceptions must derive from BaseException
2026-07-29 01:59:09,553 [WARNING] __main__ <module>: MIN2 processing error: exceptions must derive from BaseException
2026-07-29 01:59:09,782 [WARNING] __main__ <module>: MIN2 processing error: exceptions must derive from BaseException
2026-07-29 01:59:10,023 [WARNING] __main__ <module>: MIN2 processing error: exceptions must derive from BaseException
2026-07-29 01:59:10,270 [WARNING] __main__ <module>: MIN2 processing error: exceptions must derive from BaseException
2026-07-29 01:59:10,517 [WARNING] __main__ <module>: MIN2 processing error: exceptions must derive from BaseException
2026-07-29 01:59:10,774 [WARNING] __main__ <module>: MIN2 processing error: exceptions must derive from BaseException
2026-07-29 01:59:11,049 [WARNING] __main__ <module>: MIN2 processing error: exceptions must derive from BaseException
2026-07-29 01:59:11,328 [WARNING] __main__ <module>: MIN2 processing error: exceptions must derive from BaseException
2026-07-29 01:59:11,604 [WARNING] __main__ <module>: MIN2 processing error: exceptions must derive from BaseException
2026-07-29 01:59:11,915 [WARNING] __main__ <module>: MIN2 processing error: exceptions must derive from BaseException
2026-07-29 01:59:12,267 [WARNING] __main__ <module>: MIN2 processing error: exceptions must derive from BaseException
2026-07-29 01:59:12,633 [WARNING] __main__ <module>: MIN2 processing error: exceptions must derive from BaseException
2026-07-29 01:59:13,011 [WARNING] __main__ <module>: MIN2 processing error: exceptions must derive from BaseException
2026-07-29 01:59:13,389 [WARNING] __main__ <module>: MIN2 processing error: exceptions must derive from BaseException
2026-07-29 01:59:13,797 [WARNING] __main__ <module>: MIN2 processing error: exceptions must derive from BaseException
2026-07-29 01:59:14,224 [WARNING] __main__ <module>: MIN2 processing error: exceptions must derive from BaseException
2026-07-29 01:59:14,598 [WARNING] __main__ <module>: MIN2 processing error: exceptions must derive from BaseException
2026-07-29 01:59:15,005 [WARNING] __main__ <module>: MIN2 processing error: exceptions must derive from BaseException
2026-07-29 01:59:15,394 [WARNING] __main__ <module>: MIN2 processing error: exceptions must derive from BaseException
2026-07-29 01:59:16,341 [WARNING] __main__ <module>: MIN2 processing error: exceptions must derive from BaseException
2026-07-29 01:59:16,743 [WARNING] __main__ <module>: MIN2 processing error: exceptions must derive from BaseException
2026-07-29 01:59:17,157 [WARNING] __main__ <module>: MIN2 processing error: exceptions must derive from BaseException
2026-07-29 01:59:17,568 [WARNING] __main__ <module>: MIN2 processing error: exceptions must derive from BaseException
2026-07-29 01:59:17,948 [WARNING] __main__ <module>: MIN2 processing error: exceptions must derive from BaseException
2026-07-29 01:59:18,385 [WARNING] __main__ <module>: MIN2 processing error: exceptions must derive from BaseException
2026-07-29 01:59:18,820 [WARNING] __main__ <module>: MIN2 processing error: exceptions must derive from BaseException
2026-07-29 01:59:19,307 [WARNING] __main__ <module>: MIN2 processing error: exceptions must derive from BaseException
2026-07-29 01:59:19,757 [WARNING] __main__ <module>: MIN2 processing error: exceptions must derive from BaseException
2026-07-29 01:59:20,206 [WARNING] __main__ <module>: MIN2 processing error: exceptions must derive from BaseException
2026-07-29 01:59:20,603 [WARNING] __main__ <module>: MIN2 processing error: exceptions must derive from BaseException
2026-07-29 01:59:21,046 [WARNING] __main__ <module>: MIN2 processing error: exceptions must derive from BaseException
2026-07-29 01:59:21,546 [WARNING] __main__ <module>: MIN2 processing error: exceptions must derive from BaseException
2026-07-29 01:59:22,022 [WARNING] __main__ <module>: MIN2 processing error: exceptions must derive from BaseException
2026-07-29 01:59:22,514 [WARNING] __main__ <module>: MIN2 processing error: exceptions must derive from BaseException
2026-07-29 01:59:22,940 [WARNING] __main__ <module>: MIN2 processing error: exceptions must derive from BaseException
2026-07-29 01:59:23,452 [WARNING] __main__ <module>: MIN2 processing error: exceptions must derive from BaseException
2026-07-29 01:59:23,875 [WARNING] __main__ <module>: MIN2 processing error: exceptions must derive from BaseException
2026-07-29 01:59:24,423 [WARNING] __main__ <module>: MIN2 processing error: exceptions must derive from BaseException
2026-07-29 01:59:24,851 [WARNING] __main__ <module>: MIN2 processing error: exceptions must derive from BaseException
2026-07-29 01:59:25,430 [WARNING] __main__ <module>: MIN2 processing error: exceptions must derive from BaseException
2026-07-29 01:59:25,958 [WARNING] __main__ <module>: MIN2 processing error: exceptions must derive from BaseException
2026-07-29 01:59:26,411 [WARNING] __main__ <module>: MIN2 processing error: exceptions must derive from BaseException
2026-07-29 01:59:26,928 [WARNING] __main__ <module>: MIN2 processing error: exceptions must derive from BaseException
2026-07-29 01:59:27,506 [WARNING] __main__ <module>: MIN2 processing error: exceptions must derive from BaseException
2026-07-29 01:59:28,042 [WARNING] __main__ <module>: MIN2 processing error: exceptions must derive from BaseException
2026-07-29 01:59:28,604 [WARNING] __main__ <module>: MIN2 processing error: exceptions must derive from BaseException
2026-07-29 01:59:29,207 [WARNING] __main__ <module>: MIN2 processing error: exceptions must derive from BaseException
2026-07-29 01:59:29,740 [WARNING] __main__ <module>: MIN2 processing error: exceptions must derive from BaseException
2026-07-29 01:59:30,265 [WARNING] __main__ <module>: MIN2 processing error: exceptions must derive from BaseException
2026-07-29 01:59:30,718 [WARNING] __main__ <module>: MIN2 processing error: exceptions must derive from BaseException
2026-07-29 01:59:31,240 [WARNING] __main__ <module>: MIN2 processing error: exceptions must derive from BaseException
2026-07-29 01:59:31,836 [WARNING] __main__ <module>: MIN2 processing error: exceptions must derive from BaseException
2026-07-29 01:59:32,381 [WARNING] __main__ <module>: MIN2 processing error: exceptions must derive from BaseException
2026-07-29 01:59:32,936 [WARNING] __main__ <module>: MIN2 processing error: exceptions must derive from BaseException
2026-07-29 01:59:33,416 [WARNING] __main__ <module>: MIN2 processing error: exceptions must derive from BaseException
2026-07-29 01:59:34,045 [WARNING] __main__ <module>: MIN2 processing error: exceptions must derive from BaseException
2026-07-29 01:59:34,578 [WARNING] __main__ <module>: MIN2 processing error: exceptions must derive from BaseException
2026-07-29 01:59:35,153 [WARNING] __main__ <module>: MIN2 processing error: exceptions must derive from BaseException
2026-07-29 01:59:35,559 [INFO] __main__ <module>: Releasing camera and resources...
2026-07-29 01:59:35,588 [DEBUG] __main__ <module>: Camera stopped and closed successfully.
2026-07-29 01:59:35,589 [INFO] __main__ <module>: Visualizer resources released.
2026-07-29 01:59:35,589 [INFO] __main__ <module>: Camera successfully disconnected.
2026-07-29 02:05:19,464 [INFO] __main__ <module>: ====== start processing ======
2026-07-29 02:05:19,464 [INFO] __main__ <module>: Importing standard modules...
2026-07-29 02:05:19,482 [DEBUG] __main__ <module>: All standard modules imported successfully.
2026-07-29 02:05:19,678 [INFO] __main__ <module>: Third-party modules imported successfully.
2026-07-29 02:05:19,679 [DEBUG] __main__ <module>: Appended project root to system path:C:\projects\SUN_watching
2026-07-29 02:05:21,214 [DEBUG] __main__ <module>: All custom modules imported successfully.
2026-07-29 02:05:21,215 [INFO] __main__ <module>: Validating visualizer schema parameters.
2026-07-29 02:05:21,217 [DEBUG] __main__ <module>: Visualizer parameters validated successfully.
2026-07-29 02:05:21,217 [INFO] __main__ <module>: Attempting to connect to the camera...
2026-07-29 02:05:21,217 [DEBUG] __main__ <module>: Successfully set ZWO_ASI_LIB environment variable:C:\projects\SUN_watching\lib\ASICamera2.dll
2026-07-29 02:05:21,465 [INFO] __main__ <module>: Successfully connected to the camera.
2026-07-29 02:05:21,512 [DEBUG] __main__ <module>: Camera properties configured successfully:
{'band_width': 40, 'exposure': 30000, 'gain': 150, 'image_type': 0}
2026-07-29 02:05:21,512 [INFO] __main__ <module>: Starting video capture...
2026-07-29 02:05:21,513 [DEBUG] __main__ <module>: Capture status retrieved: width=1608, height=1104, binning=1, img_type=0
2026-07-29 02:05:21,513 [DEBUG] __main__ <module>: Initializing visualization variables...
2026-07-29 02:05:21,513 [INFO] __main__ <module>: Initializing Visualizer instance...
2026-07-29 02:05:21,771 [INFO] __main__ <module>: Starting real-time visualization. Press 'q' or close the window to exit.
2026-07-29 02:05:21,806 [WARNING] __main__ <module>: MIN2 processing error: exceptions must derive from BaseException
2026-07-29 02:05:21,843 [WARNING] __main__ <module>: MIN2 processing error: exceptions must derive from BaseException
2026-07-29 02:05:21,890 [WARNING] __main__ <module>: MIN2 processing error: exceptions must derive from BaseException
2026-07-29 02:05:21,935 [WARNING] __main__ <module>: MIN2 processing error: exceptions must derive from BaseException
2026-07-29 02:05:21,995 [WARNING] __main__ <module>: MIN2 processing error: exceptions must derive from BaseException
2026-07-29 02:05:22,051 [WARNING] __main__ <module>: MIN2 processing error: exceptions must derive from BaseException
2026-07-29 02:05:22,113 [WARNING] __main__ <module>: MIN2 processing error: exceptions must derive from BaseException
2026-07-29 02:05:22,173 [WARNING] __main__ <module>: MIN2 processing error: exceptions must derive from BaseException
2026-07-29 02:05:22,235 [WARNING] __main__ <module>: MIN2 processing error: exceptions must derive from BaseException
2026-07-29 02:05:22,301 [WARNING] __main__ <module>: MIN2 processing error: exceptions must derive from BaseException
2026-07-29 02:05:22,370 [WARNING] __main__ <module>: MIN2 processing error: exceptions must derive from BaseException
2026-07-29 02:05:22,439 [WARNING] __main__ <module>: MIN2 processing error: exceptions must derive from BaseException
2026-07-29 02:05:22,517 [WARNING] __main__ <module>: MIN2 processing error: exceptions must derive from BaseException
2026-07-29 02:05:22,598 [WARNING] __main__ <module>: MIN2 processing error: exceptions must derive from BaseException
2026-07-29 02:05:22,681 [WARNING] __main__ <module>: MIN2 processing error: exceptions must derive from BaseException
2026-07-29 02:05:22,772 [WARNING] __main__ <module>: MIN2 processing error: exceptions must derive from BaseException
2026-07-29 02:05:22,861 [WARNING] __main__ <module>: MIN2 processing error: exceptions must derive from BaseException
2026-07-29 02:05:22,951 [WARNING] __main__ <module>: MIN2 processing error: exceptions must derive from BaseException
2026-07-29 02:05:23,050 [WARNING] __main__ <module>: MIN2 processing error: exceptions must derive from BaseException
2026-07-29 02:05:23,159 [WARNING] __main__ <module>: MIN2 processing error: exceptions must derive from BaseException
2026-07-29 02:05:23,262 [WARNING] __main__ <module>: MIN2 processing error: exceptions must derive from BaseException
2026-07-29 02:05:23,366 [WARNING] __main__ <module>: MIN2 processing error: exceptions must derive from BaseException
2026-07-29 02:05:23,471 [WARNING] __main__ <module>: MIN2 processing error: exceptions must derive from BaseException
2026-07-29 02:05:23,584 [WARNING] __main__ <module>: MIN2 processing error: exceptions must derive from BaseException
2026-07-29 02:05:23,696 [WARNING] __main__ <module>: MIN2 processing error: exceptions must derive from BaseException
2026-07-29 02:05:23,814 [WARNING] __main__ <module>: MIN2 processing error: exceptions must derive from BaseException
2026-07-29 02:05:23,939 [WARNING] __main__ <module>: MIN2 processing error: exceptions must derive from BaseException
2026-07-29 02:05:24,069 [WARNING] __main__ <module>: MIN2 processing error: exceptions must derive from BaseException
2026-07-29 02:05:24,198 [WARNING] __main__ <module>: MIN2 processing error: exceptions must derive from BaseException
2026-07-29 02:05:24,329 [WARNING] __main__ <module>: MIN2 processing error: exceptions must derive from BaseException
2026-07-29 02:05:24,463 [WARNING] __main__ <module>: MIN2 processing error: exceptions must derive from BaseException
2026-07-29 02:05:24,601 [WARNING] __main__ <module>: MIN2 processing error: exceptions must derive from BaseException
2026-07-29 02:05:24,741 [WARNING] __main__ <module>: MIN2 processing error: exceptions must derive from BaseException
2026-07-29 02:05:24,886 [WARNING] __main__ <module>: MIN2 processing error: exceptions must derive from BaseException
2026-07-29 02:05:25,033 [WARNING] __main__ <module>: MIN2 processing error: exceptions must derive from BaseException
2026-07-29 02:05:25,196 [WARNING] __main__ <module>: MIN2 processing error: exceptions must derive from BaseException
2026-07-29 02:05:25,353 [WARNING] __main__ <module>: MIN2 processing error: exceptions must derive from BaseException
2026-07-29 02:05:25,513 [WARNING] __main__ <module>: MIN2 processing error: exceptions must derive from BaseException
2026-07-29 02:05:25,680 [WARNING] __main__ <module>: MIN2 processing error: exceptions must derive from BaseException
2026-07-29 02:05:25,848 [WARNING] __main__ <module>: MIN2 processing error: exceptions must derive from BaseException
2026-07-29 02:05:26,022 [WARNING] __main__ <module>: MIN2 processing error: exceptions must derive from BaseException
2026-07-29 02:05:26,204 [WARNING] __main__ <module>: MIN2 processing error: exceptions must derive from BaseException
2026-07-29 02:05:26,373 [WARNING] __main__ <module>: MIN2 processing error: exceptions must derive from BaseException
2026-07-29 02:05:26,571 [WARNING] __main__ <module>: MIN2 processing error: exceptions must derive from BaseException
2026-07-29 02:05:26,750 [WARNING] __main__ <module>: MIN2 processing error: exceptions must derive from BaseException
2026-07-29 02:05:26,959 [WARNING] __main__ <module>: MIN2 processing error: exceptions must derive from BaseException
2026-07-29 02:05:27,227 [WARNING] __main__ <module>: MIN2 processing error: exceptions must derive from BaseException
2026-07-29 02:05:27,678 [WARNING] __main__ <module>: MIN2 processing error: exceptions must derive from BaseException
2026-07-29 02:05:28,041 [WARNING] __main__ <module>: MIN2 processing error: exceptions must derive from BaseException
2026-07-29 02:05:28,434 [WARNING] __main__ <module>: MIN2 processing error: exceptions must derive from BaseException
2026-07-29 02:05:28,735 [WARNING] __main__ <module>: MIN2 processing error: exceptions must derive from BaseException
2026-07-29 02:05:29,079 [WARNING] __main__ <module>: MIN2 processing error: exceptions must derive from BaseException
2026-07-29 02:05:29,417 [WARNING] __main__ <module>: MIN2 processing error: exceptions must derive from BaseException
2026-07-29 02:05:29,764 [WARNING] __main__ <module>: MIN2 processing error: exceptions must derive from BaseException
2026-07-29 02:05:30,115 [WARNING] __main__ <module>: MIN2 processing error: exceptions must derive from BaseException
2026-07-29 02:05:30,446 [WARNING] __main__ <module>: MIN2 processing error: exceptions must derive from BaseException
2026-07-29 02:05:30,784 [WARNING] __main__ <module>: MIN2 processing error: exceptions must derive from BaseException
2026-07-29 02:05:31,090 [WARNING] __main__ <module>: MIN2 processing error: exceptions must derive from BaseException
2026-07-29 02:05:31,427 [WARNING] __main__ <module>: MIN2 processing error: exceptions must derive from BaseException
2026-07-29 02:05:31,729 [WARNING] __main__ <module>: MIN2 processing error: exceptions must derive from BaseException
2026-07-29 02:05:32,079 [WARNING] __main__ <module>: MIN2 processing error: exceptions must derive from BaseException
2026-07-29 02:05:32,401 [WARNING] __main__ <module>: MIN2 processing error: exceptions must derive from BaseException
2026-07-29 02:05:32,759 [WARNING] __main__ <module>: MIN2 processing error: exceptions must derive from BaseException
2026-07-29 02:05:33,090 [WARNING] __main__ <module>: MIN2 processing error: exceptions must derive from BaseException
2026-07-29 02:05:33,410 [WARNING] __main__ <module>: MIN2 processing error: exceptions must derive from BaseException
2026-07-29 02:05:33,732 [WARNING] __main__ <module>: MIN2 processing error: exceptions must derive from BaseException
2026-07-29 02:05:34,145 [WARNING] __main__ <module>: MIN2 processing error: exceptions must derive from BaseException
2026-07-29 02:05:34,469 [WARNING] __main__ <module>: MIN2 processing error: exceptions must derive from BaseException
2026-07-29 02:05:34,807 [WARNING] __main__ <module>: MIN2 processing error: exceptions must derive from BaseException
2026-07-29 02:05:35,175 [WARNING] __main__ <module>: MIN2 processing error: exceptions must derive from BaseException
2026-07-29 02:05:35,523 [WARNING] __main__ <module>: MIN2 processing error: exceptions must derive from BaseException
2026-07-29 02:05:35,883 [WARNING] __main__ <module>: MIN2 processing error: exceptions must derive from BaseException
2026-07-29 02:05:36,239 [WARNING] __main__ <module>: MIN2 processing error: exceptions must derive from BaseException
2026-07-29 02:05:36,590 [WARNING] __main__ <module>: MIN2 processing error: exceptions must derive from BaseException
2026-07-29 02:05:36,938 [WARNING] __main__ <module>: MIN2 processing error: exceptions must derive from BaseException
2026-07-29 02:05:37,301 [WARNING] __main__ <module>: MIN2 processing error: exceptions must derive from BaseException
2026-07-29 02:05:37,660 [WARNING] __main__ <module>: MIN2 processing error: exceptions must derive from BaseException
2026-07-29 02:05:38,027 [WARNING] __main__ <module>: MIN2 processing error: exceptions must derive from BaseException
2026-07-29 02:05:38,415 [WARNING] __main__ <module>: MIN2 processing error: exceptions must derive from BaseException
2026-07-29 02:05:38,792 [WARNING] __main__ <module>: MIN2 processing error: exceptions must derive from BaseException
2026-07-29 02:05:39,175 [WARNING] __main__ <module>: MIN2 processing error: exceptions must derive from BaseException
2026-07-29 02:05:39,551 [WARNING] __main__ <module>: MIN2 processing error: exceptions must derive from BaseException
2026-07-29 02:05:39,943 [WARNING] __main__ <module>: MIN2 processing error: exceptions must derive from BaseException
2026-07-29 02:05:40,346 [WARNING] __main__ <module>: MIN2 processing error: exceptions must derive from BaseException
2026-07-29 02:05:40,732 [WARNING] __main__ <module>: MIN2 processing error: exceptions must derive from BaseException
2026-07-29 02:05:41,126 [WARNING] __main__ <module>: MIN2 processing error: exceptions must derive from BaseException
2026-07-29 02:05:41,439 [WARNING] __main__ <module>: MIN2 processing error: exceptions must derive from BaseException
2026-07-29 02:05:41,760 [WARNING] __main__ <module>: MIN2 processing error: exceptions must derive from BaseException
2026-07-29 02:05:42,086 [WARNING] __main__ <module>: MIN2 processing error: exceptions must derive from BaseException
2026-07-29 02:05:42,477 [WARNING] __main__ <module>: MIN2 processing error: exceptions must derive from BaseException
2026-07-29 02:05:42,810 [WARNING] __main__ <module>: MIN2 processing error: exceptions must derive from BaseException
2026-07-29 02:05:43,167 [WARNING] __main__ <module>: MIN2 processing error: exceptions must derive from BaseException
2026-07-29 02:05:43,503 [WARNING] __main__ <module>: MIN2 processing error: exceptions must derive from BaseException
2026-07-29 02:05:43,831 [WARNING] __main__ <module>: MIN2 processing error: exceptions must derive from BaseException
2026-07-29 02:05:44,169 [WARNING] __main__ <module>: MIN2 processing error: exceptions must derive from BaseException
2026-07-29 02:05:44,504 [WARNING] __main__ <module>: MIN2 processing error: exceptions must derive from BaseException
2026-07-29 02:05:44,828 [WARNING] __main__ <module>: MIN2 processing error: exceptions must derive from BaseException
2026-07-29 02:05:45,160 [WARNING] __main__ <module>: MIN2 processing error: exceptions must derive from BaseException
2026-07-29 02:05:45,490 [WARNING] __main__ <module>: MIN2 processing error: exceptions must derive from BaseException
2026-07-29 02:05:45,830 [WARNING] __main__ <module>: MIN2 processing error: exceptions must derive from BaseException
2026-07-29 02:05:46,166 [WARNING] __main__ <module>: MIN2 processing error: exceptions must derive from BaseException
2026-07-29 02:05:46,705 [WARNING] __main__ <module>: MIN2 processing error: exceptions must derive from BaseException
2026-07-29 02:05:47,067 [WARNING] __main__ <module>: MIN2 processing error: exceptions must derive from BaseException
2026-07-29 02:05:47,435 [WARNING] __main__ <module>: MIN2 processing error: exceptions must derive from BaseException
2026-07-29 10:00:19,848 [INFO] __main__ <module>: ====== start processing ======
2026-07-29 10:00:19,848 [INFO] __main__ <module>: Importing standard modules...
2026-07-29 10:00:19,863 [DEBUG] __main__ <module>: All standard modules imported successfully.
2026-07-29 10:00:20,061 [INFO] __main__ <module>: Third-party modules imported successfully.
2026-07-29 10:00:20,062 [DEBUG] __main__ <module>: Appended project root to system path:C:\projects\SUN_watching
2026-07-29 10:00:21,435 [DEBUG] __main__ <module>: All custom modules imported successfully.
2026-07-29 10:00:21,436 [INFO] __main__ <module>: Validating visualizer schema parameters.
2026-07-29 10:00:21,438 [DEBUG] __main__ <module>: Visualizer parameters validated successfully.
2026-07-29 10:00:21,438 [INFO] __main__ <module>: Attempting to connect to the camera...
2026-07-29 10:00:21,438 [DEBUG] __main__ <module>: Successfully set ZWO_ASI_LIB environment variable:C:\projects\SUN_watching\lib\ASICamera2.dll
2026-07-29 10:01:07,403 [INFO] __main__ <module>: Connection wait interrupted by user.
2026-07-29 10:01:07,403 [INFO] __main__ cancel_process: ===== canceling process and cleaning up =====
2026-07-29 10:01:07,405 [INFO] __main__ cancel_process: ===== FINISHED =====
2026-07-29 13:31:12,833 [INFO] __main__ <module>: ====== start processing ======
2026-07-29 13:31:12,833 [INFO] __main__ <module>: Importing standard modules...
2026-07-29 13:31:12,849 [DEBUG] __main__ <module>: All standard modules imported successfully.
2026-07-29 13:31:13,036 [INFO] __main__ <module>: Third-party modules imported successfully.
2026-07-29 13:31:13,037 [DEBUG] __main__ <module>: Appended project root to system path:C:\projects\SUN_watching
2026-07-29 13:31:14,426 [DEBUG] __main__ <module>: All custom modules imported successfully.
2026-07-29 13:31:14,427 [INFO] __main__ <module>: Validating visualizer schema parameters.
2026-07-29 13:31:14,429 [DEBUG] __main__ <module>: Visualizer parameters validated successfully.
2026-07-29 13:31:14,429 [INFO] __main__ <module>: Attempting to connect to the camera...
2026-07-29 13:31:14,429 [DEBUG] __main__ <module>: Successfully set ZWO_ASI_LIB environment variable:C:\projects\SUN_watching\lib\ASICamera2.dll
2026-07-29 13:31:14,674 [INFO] __main__ <module>: Successfully connected to the camera.
2026-07-29 13:31:14,721 [DEBUG] __main__ <module>: Camera properties configured successfully:
{'band_width': 40, 'exposure': 30000, 'gain': 150, 'image_type': 0}
2026-07-29 13:31:14,721 [INFO] __main__ <module>: Starting video capture...
2026-07-29 13:31:14,721 [DEBUG] __main__ <module>: Capture status retrieved: width=1608, height=1104, binning=1, img_type=0
2026-07-29 13:31:14,722 [DEBUG] __main__ <module>: Initializing visualization variables...
2026-07-29 13:31:14,722 [INFO] __main__ <module>: Initializing Visualizer instance...
2026-07-29 13:31:14,948 [INFO] __main__ <module>: Starting real-time visualization. Press 'q' or close the window to exit.
2026-07-29 13:31:14,951 [DEBUG] __main__ <module>: Insufficient points for angle calculation (buffer <= 2).
2026-07-29 13:31:15,048 [DEBUG] __main__ <module>: Insufficient points for angle calculation (buffer <= 2).
2026-07-29 13:31:21,040 [INFO] __main__ <module>: Visualization loop terminated (window closed).
2026-07-29 13:31:21,040 [DEBUG] __main__ <module>: Total frames processed: 62
