2026-08-19 22:05:43,330 [ERROR] __main__ <module>: __config text not TEKISETU
Traceback (most recent call last):
  File "E:\projects\SUN_watching\sun_find_west_v2\config\config_manager.py", line 95, in <module>
    generate_configJ_configT(CONFIG_JSON_PATH, CONFIG_TEXT_PATH)
    ~~~~~~~~~~~~~~~~~~~~~~~~^^^^^^^^^^^^^^^^^^^^^^^^^^^^^^^^^^^^
  File "E:\projects\SUN_watching\sun_find_west_v2\config\cache_update.py", line 103, in generate_configJ_configT
    kv, d = tuple(line.split("/"))
    ^^^^^
ValueError: too many values to unpack (expected 2, got 3)
2026-08-19 22:05:43,332 [INFO] __main__ <module>: __try load parameter from config json
2026-08-19 22:05:43,332 [INFO] __main__ <module>: __loading config from json
2026-08-19 22:05:43,359 [INFO] __main__ <module>: __sucessful default_config
2026-08-19 22:07:20,898 [INFO] utils_json json_saver: Saving JSON to cache\config.json
2026-08-19 22:07:20,929 [INFO] utils_json json_saver: JSON saved successfully: cache\config.json
2026-08-19 22:07:20,929 [INFO] __main__ <module>: __sucessful jenelate json from text
2026-08-19 22:07:20,929 [INFO] __main__ <module>: __loading config from json
2026-08-19 22:07:20,939 [INFO] __main__ <module>: __sucessful default_config
2026-08-19 22:07:20,974 [INFO] utils_json json_saver: Saving JSON to cache\config.json
2026-08-19 22:07:20,987 [INFO] utils_json json_saver: JSON saved successfully: cache\config.json
2026-08-19 22:09:46,645 [INFO] utils_json json_saver: Saving JSON to cache\config.json
2026-08-19 22:09:46,654 [INFO] utils_json json_saver: JSON saved successfully: cache\config.json
2026-08-19 22:09:46,654 [INFO] __main__ <module>: __sucessful jenelate json from text
2026-08-19 22:09:46,654 [INFO] __main__ <module>: __loading config from json
2026-08-19 22:09:46,663 [INFO] __main__ <module>: __sucessful default_config
2026-08-19 22:09:46,709 [INFO] utils_json json_saver: Saving JSON to cache\config.json
2026-08-19 22:09:46,726 [INFO] utils_json json_saver: JSON saved successfully: cache\config.json
2026-08-19 22:46:04,575 [INFO] utils_json json_saver: Saving JSON to cache\config.json
2026-08-19 22:46:04,602 [INFO] utils_json json_saver: JSON saved successfully: cache\config.json
2026-08-19 22:46:04,602 [INFO] __main__ <module>: __sucessful jenelate json from text
2026-08-19 22:46:04,602 [INFO] __main__ <module>: __loading config from json
2026-08-19 22:46:04,609 [INFO] __main__ <module>: __sucessful default_config
2026-08-19 22:46:04,651 [INFO] utils_json json_saver: Saving JSON to cache\config.json
2026-08-19 22:46:04,655 [INFO] utils_json json_saver: JSON saved successfully: cache\config.json
2026-08-19 22:47:55,515 [INFO] utils_json json_saver: Saving JSON to cache\config.json
2026-08-19 22:47:55,521 [INFO] utils_json json_saver: JSON saved successfully: cache\config.json
2026-08-19 22:47:55,521 [INFO] __main__ <module>: __sucessful jenelate json from text
2026-08-19 22:47:55,521 [INFO] __main__ <module>: __loading config from json
2026-08-19 22:47:55,524 [INFO] __main__ <module>: __sucessful default_config
2026-08-19 22:47:55,536 [INFO] utils_json json_saver: Saving JSON to cache\config.json
2026-08-19 22:47:55,540 [INFO] utils_json json_saver: JSON saved successfully: cache\config.json
